2025-01-10 07:39:00 | DEBUG | repo=course-sys-int-camel-seminar | action=commit
2025-12-11 18:05:00 | INFO | repo=course-sys-int-camel-seminar | action=commit
2025-10-09 10:40:00 | INFO | repo=course-sys-int-camel-seminar | action=commit
2025-06-13 16:09:00 | DEBUG | repo=course-sys-int-camel-seminar | action=commit
2025-10-25 12:00:00 | WARN | repo=course-sys-int-camel-seminar | action=commit
2025-06-11 13:41:00 | DEBUG | repo=course-sys-int-camel-seminar | action=commit
2025-02-09 19:27:00 | INFO | repo=course-sys-int-camel-seminar | action=pull
2025-03-09 07:16:00 | WARN | repo=course-sys-int-camel-seminar | action=edit | files=4
2025-08-08 21:13:00 | DEBUG | repo=course-sys-int-camel-seminar | action=commit
2025-02-06 11:54:00 | DEBUG | repo=course-sys-int-camel-seminar | action=test | passed=true
2025-11-24 16:39:00 | INFO | repo=course-sys-int-camel-seminar | action=commit
2025-11-13 11:05:00 | DEBUG | repo=course-sys-int-camel-seminar | action=commit
2025-11-15 18:52:00 | WARN | repo=course-sys-int-camel-seminar | action=commit
2025-01-19 08:57:00 | INFO | repo=course-sys-int-camel-seminar | action=commit
2025-12-13 16:24:00 | WARN | repo=course-sys-int-camel-seminar | action=commit
2025-03-18 12:09:00 | WARN | repo=course-sys-int-camel-seminar | action=commit
2025-08-02 18:14:00 | DEBUG | repo=course-sys-int-camel-seminar | action=pull
2025-12-13 19:01:00 | DEBUG | repo=course-sys-int-camel-seminar | action=commit
2025-08-24 13:38:00 | WARN | repo=course-sys-int-camel-seminar | action=commit
2025-10-14 19:46:00 | WARN | repo=course-sys-int-camel-seminar | action=commit
2025-02-24 11:37:00 | INFO | repo=course-sys-int-camel-seminar | action=commit
2025-06-25 18:00:00 | DEBUG | repo=course-sys-int-camel-seminar | action=test | passed=true
2025-01-12 18:39:00 | DEBUG | repo=course-sys-int-camel-seminar | action=commit
2025-04-09 07:54:00 | INFO | repo=course-sys-int-camel-seminar | action=commit
2025-06-09 17:37:00 | DEBUG | repo=course-sys-int-camel-seminar | action=commit
2025-07-25 07:24:00 | WARN | repo=course-sys-int-camel-seminar | action=commit
2025-11-07 13:10:00 | INFO | repo=course-sys-int-camel-seminar | action=commit
2025-04-14 09:40:00 | WARN | repo=course-sys-int-camel-seminar | action=commit
2025-06-11 10:08:00 | DEBUG | repo=course-sys-int-camel-seminar | action=commit
2025-08-26 08:42:00 | INFO | repo=course-sys-int-camel-seminar | action=pull
2025-03-26 07:32:00 | INFO | repo=course-sys-int-camel-seminar | action=edit | files=4
2025-04-01 19:37:00 | INFO | repo=course-sys-int-camel-seminar | action=commit
2025-01-16 08:07:00 | WARN | repo=course-sys-int-camel-seminar | action=commit
2025-09-02 08:21:00 | INFO | repo=course-sys-int-camel-seminar | action=commit
2025-11-22 07:32:00 | DEBUG | repo=course-sys-int-camel-seminar | action=commit
2025-10-12 08:00:00 | WARN | repo=course-sys-int-camel-seminar | action=test | passed=true
2025-07-24 07:46:00 | DEBUG | repo=course-sys-int-camel-seminar | action=commit
2025-06-26 21:02:00 | DEBUG | repo=course-sys-int-camel-seminar | action=test | passed=true
2025-06-09 16:34:00 | INFO | repo=course-sys-int-camel-seminar | action=commit
2025-04-23 21:06:00 | INFO | repo=course-sys-int-camel-seminar | action=commit
2025-12-17 14:39:00 | WARN | repo=course-sys-int-camel-seminar | action=commit
2025-05-26 07:08:00 | WARN | repo=course-sys-int-camel-seminar | action=commit
2025-01-17 10:08:00 | WARN | repo=course-sys-int-camel-seminar | action=edit | files=5
2025-02-18 19:33:00 | DEBUG | repo=course-sys-int-camel-seminar | action=commit
2025-10-28 09:19:00 | WARN | repo=course-sys-int-camel-seminar | action=commit
2025-08-05 21:23:00 | DEBUG | repo=course-sys-int-camel-seminar | action=commit
